hello.xyz = hello.it
::c4 = ?.dd
world2.xyz = hello.it
world2.c4 = ?.dd
